// Jest Snapshot v1, https://goo.gl/fbAQLP

exports[`renders correctly 1`] = `
<div
  className="Home"
>
  <header
    className="Home-header"
  >
    Hi, I'm Luke Kennedy.
    <br />
    I write code for fun and profit.
    <br />
    <a
      href="https://www.github.com/LLKennedy"
    >
      Here's my Github!
    </a>
  </header>
</div>
`;
